// Jest Snapshot v1, https://goo.gl/fbAQLP

exports[`Country Component should render loading initially 1`] = `
Object {
  "asFragment": [Function],
  "baseElement": <body>
    <div>
      <div
        class="country"
      >
        <div
          class="country-container"
        >
          <div
            class="country-first"
          >
            <div
              class="country-flag-container"
            >
              <img
                alt="Country 1"
                class="country-flag"
                src="https://example.com/flag.png"
              />
            </div>
            <div
              class="country-data"
            >
              <h3
                class="country-title"
              >
                Country 1
              </h3>
              <p
                class="country-population"
              >
                1000000
              </p>
            </div>
          </div>
          <div
            class="country-details"
          >
            <h4
              class="country-details-title"
            >
              Country Details
            </h4>
            <ul
              class="country-details-list"
            >
              <li
                class="country-details-item"
              >
                <div
                  class="country-details-item-title"
                >
                  Latitude, Longitude
                </div>
                <div
                  class="country-details-item-content"
                >
                  (12.34, 56.78)
                </div>
              </li>
              <li
                class="country-details-item"
              >
                <div
                  class="country-details-item-title"
                >
                  Total Area
                </div>
                <div
                  class="country-details-item-content"
                >
                  12345
                </div>
              </li>
              <li
                class="country-details-item"
              >
                <div
                  class="country-details-item-title"
                >
                  Population
                </div>
                <div
                  class="country-details-item-content"
                >
                  1000000
                </div>
              </li>
              <li
                class="country-details-item"
              >
                <div
                  class="country-details-item-title"
                >
                  Capital
                </div>
                <div
                  class="country-details-item-content"
                >
                  C
                </div>
              </li>
              <li
                class="country-details-item"
              >
                <div
                  class="country-details-item-title"
                >
                  Region
                </div>
                <div
                  class="country-details-item-content"
                >
                  Region Name
                </div>
              </li>
              <li
                class="country-details-item"
              >
                <div
                  class="country-details-item-title"
                >
                  Time Zone
                </div>
                <div
                  class="country-details-item-content"
                >
                  Timezone 1
                </div>
              </li>
            </ul>
          </div>
        </div>
      </div>
    </div>
  </body>,
  "container": <div>
    <div
      class="country"
    >
      <div
        class="country-container"
      >
        <div
          class="country-first"
        >
          <div
            class="country-flag-container"
          >
            <img
              alt="Country 1"
              class="country-flag"
              src="https://example.com/flag.png"
            />
          </div>
          <div
            class="country-data"
          >
            <h3
              class="country-title"
            >
              Country 1
            </h3>
            <p
              class="country-population"
            >
              1000000
            </p>
          </div>
        </div>
        <div
          class="country-details"
        >
          <h4
            class="country-details-title"
          >
            Country Details
          </h4>
          <ul
            class="country-details-list"
          >
            <li
              class="country-details-item"
            >
              <div
                class="country-details-item-title"
              >
                Latitude, Longitude
              </div>
              <div
                class="country-details-item-content"
              >
                (12.34, 56.78)
              </div>
            </li>
            <li
              class="country-details-item"
            >
              <div
                class="country-details-item-title"
              >
                Total Area
              </div>
              <div
                class="country-details-item-content"
              >
                12345
              </div>
            </li>
            <li
              class="country-details-item"
            >
              <div
                class="country-details-item-title"
              >
                Population
              </div>
              <div
                class="country-details-item-content"
              >
                1000000
              </div>
            </li>
            <li
              class="country-details-item"
            >
              <div
                class="country-details-item-title"
              >
                Capital
              </div>
              <div
                class="country-details-item-content"
              >
                C
              </div>
            </li>
            <li
              class="country-details-item"
            >
              <div
                class="country-details-item-title"
              >
                Region
              </div>
              <div
                class="country-details-item-content"
              >
                Region Name
              </div>
            </li>
            <li
              class="country-details-item"
            >
              <div
                class="country-details-item-title"
              >
                Time Zone
              </div>
              <div
                class="country-details-item-content"
              >
                Timezone 1
              </div>
            </li>
          </ul>
        </div>
      </div>
    </div>
  </div>,
  "debug": [Function],
  "findAllByAltText": [Function],
  "findAllByDisplayValue": [Function],
  "findAllByLabelText": [Function],
  "findAllByPlaceholderText": [Function],
  "findAllByRole": [Function],
  "findAllByTestId": [Function],
  "findAllByText": [Function],
  "findAllByTitle": [Function],
  "findByAltText": [Function],
  "findByDisplayValue": [Function],
  "findByLabelText": [Function],
  "findByPlaceholderText": [Function],
  "findByRole": [Function],
  "findByTestId": [Function],
  "findByText": [Function],
  "findByTitle": [Function],
  "getAllByAltText": [Function],
  "getAllByDisplayValue": [Function],
  "getAllByLabelText": [Function],
  "getAllByPlaceholderText": [Function],
  "getAllByRole": [Function],
  "getAllByTestId": [Function],
  "getAllByText": [Function],
  "getAllByTitle": [Function],
  "getByAltText": [Function],
  "getByDisplayValue": [Function],
  "getByLabelText": [Function],
  "getByPlaceholderText": [Function],
  "getByRole": [Function],
  "getByTestId": [Function],
  "getByText": [Function],
  "getByTitle": [Function],
  "queryAllByAltText": [Function],
  "queryAllByDisplayValue": [Function],
  "queryAllByLabelText": [Function],
  "queryAllByPlaceholderText": [Function],
  "queryAllByRole": [Function],
  "queryAllByTestId": [Function],
  "queryAllByText": [Function],
  "queryAllByTitle": [Function],
  "queryByAltText": [Function],
  "queryByDisplayValue": [Function],
  "queryByLabelText": [Function],
  "queryByPlaceholderText": [Function],
  "queryByRole": [Function],
  "queryByTestId": [Function],
  "queryByText": [Function],
  "queryByTitle": [Function],
  "rerender": [Function],
  "unmount": [Function],
}
`;
